// Jest Snapshot v1, https://goo.gl/fbAQLP

exports[`pruebas en <HomeScreen /> debe de mostrarse correctamente 1`] = `
<div>
  <h1>
    Home Screen
  </h1>
  <hr />
  <pre>
    {
   "name": "Andres",
   "email": "andres@gmail.com"
}
  </pre>
</div>
`;
